// Jest Snapshot v1, https://goo.gl/fbAQLP

exports[`ExampleComponent matches snapshot 1`] = `
<div>
  <div
    data-testid="page"
    data-theme-id="tool"
  >
    <div
      data-subtitle="Optional subtitle"
      data-testid="header"
      data-title="Welcome to ai-plugin!"
    >
      <div
        data-label="Owner"
        data-testid="header-label"
        data-value="Team X"
      />
      <div
        data-label="Lifecycle"
        data-testid="header-label"
        data-value="Alpha"
      />
    </div>
    <div
      data-testid="content"
    >
      <div
        data-testid="content-header"
        data-title="Plugin title"
      >
        <div
          data-testid="support-button"
        >
          A description of your plugin goes here.
        </div>
      </div>
      <div
        data-container="true"
        data-direction="column"
        data-item="false"
        data-spacing="3"
        data-testid="grid"
      >
        <div
          data-container="false"
          data-item="true"
          data-testid="grid"
        >
          <div
            data-testid="info-card"
            data-title="Information card"
          >
            <div
              data-testid="typography"
              data-variant="body1"
            >
              All content should be wrapped in a card like this.
            </div>
          </div>
        </div>
        <div
          data-container="false"
          data-item="true"
          data-testid="grid"
        >
          <div
            data-testid="example-fetch-component"
          />
        </div>
      </div>
    </div>
  </div>
</div>
`;
